{"level":"INFO","message":"[4:52:37.559 PM]: Creating new connection object"}
{"level":"INFO","message":"[4:52:37.564 PM]: Creating Connection[id: 5815ecf1-0f09-4c90-b671-b7df1ac730b5] with host: nxrkclu-fm35668.snowflakecomputing.com, account: nxrkclu-fm35668, accessUrl: https://nxrkclu-fm35668.snowflakecomputing.com, user: ASTONE7500, password is provided, role: ACCOUNTADMIN, database: STYLEON, schema: PUBLIC, warehouse: STYLEON_WH, region: undefined, authenticator: SNOWFLAKE, ocsp mode: FAIL_OPEN, os: darwin, os version: 25.3.0"}
{"level":"INFO","message":"[4:52:37.564 PM]: Connection[id: 5815ecf1-0f09-4c90-b671-b7df1ac730b5] additional details: passcode in password is provided, passcode is not provided, private key is not provided, application: undefined, client name: snowflake-sdk, client version: 1.15.0, retry timeout: 300, private key path: undefined, private key pass is not provided, client store temporary credential: false, browser response timeout: 120000"}
{"level":"INFO","message":"[4:52:37.564 PM]: Connection[id: 5815ecf1-0f09-4c90-b671-b7df1ac730b5] - connection object created successfully."}
{"level":"INFO","message":"[4:52:37.564 PM]: Connection[id: 5815ecf1-0f09-4c90-b671-b7df1ac730b5] - connecting. Associated Snowflake domain: GLOBAL"}
{"level":"INFO","message":"[4:52:37.565 PM]: Connection[id: 5815ecf1-0f09-4c90-b671-b7df1ac730b5] - authentication successful using: SNOWFLAKE"}
{"level":"INFO","message":"[4:52:37.565 PM]: Trying to initialize Easy Logging"}
{"level":"INFO","message":"[4:52:37.566 PM]: No client config detected."}
{"level":"INFO","message":"[4:52:37.566 PM]: No config file path found. Client config will not be used."}
{"level":"INFO","message":"[4:52:37.566 PM]: Easy Logging is disabled as no config has been found"}
{"level":"INFO","message":"[4:52:37.567 PM]: Connection[id: 5815ecf1-0f09-4c90-b671-b7df1ac730b5] - connected successfully after 3.0284169999999904 milliseconds"}
{"level":"INFO","message":"[4:56:28.446 PM]: Creating new connection object"}
{"level":"INFO","message":"[4:56:28.450 PM]: Creating Connection[id: f2fde8c7-b556-4327-8199-8487de295689] with host: nxrkclu-fm35668.snowflakecomputing.com, account: nxrkclu-fm35668, accessUrl: https://nxrkclu-fm35668.snowflakecomputing.com, user: ASTONE7500, password is provided, role: ACCOUNTADMIN, database: STYLEON, schema: PUBLIC, warehouse: STYLEON_WH, region: undefined, authenticator: SNOWFLAKE, ocsp mode: FAIL_OPEN, os: darwin, os version: 25.3.0"}
{"level":"INFO","message":"[4:56:28.451 PM]: Connection[id: f2fde8c7-b556-4327-8199-8487de295689] additional details: passcode in password is provided, passcode is not provided, private key is not provided, application: undefined, client name: snowflake-sdk, client version: 1.15.0, retry timeout: 300, private key path: undefined, private key pass is not provided, client store temporary credential: false, browser response timeout: 120000"}
{"level":"INFO","message":"[4:56:28.451 PM]: Connection[id: f2fde8c7-b556-4327-8199-8487de295689] - connection object created successfully."}
{"level":"INFO","message":"[4:56:28.451 PM]: Connection[id: f2fde8c7-b556-4327-8199-8487de295689] - connecting. Associated Snowflake domain: GLOBAL"}
{"level":"INFO","message":"[4:56:28.451 PM]: Connection[id: f2fde8c7-b556-4327-8199-8487de295689] - authentication successful using: SNOWFLAKE"}
{"level":"INFO","message":"[4:56:28.451 PM]: Trying to initialize Easy Logging"}
{"level":"INFO","message":"[4:56:28.452 PM]: No client config detected."}
{"level":"INFO","message":"[4:56:28.452 PM]: No config file path found. Client config will not be used."}
{"level":"INFO","message":"[4:56:28.452 PM]: Easy Logging is disabled as no config has been found"}
{"level":"INFO","message":"[4:56:28.454 PM]: Connection[id: f2fde8c7-b556-4327-8199-8487de295689] - connected successfully after 3.2937919999999963 milliseconds"}
{"level":"INFO","message":"[6:42:12.834 PM]: Creating new connection object"}
{"level":"INFO","message":"[6:42:12.839 PM]: Creating Connection[id: 25b271ff-ce01-4739-8822-4e286e8e1557] with host: nxrkclu-fm35668.snowflakecomputing.com, account: nxrkclu-fm35668, accessUrl: https://nxrkclu-fm35668.snowflakecomputing.com, user: ASTONE7500, password is provided, role: ACCOUNTADMIN, database: STYLEON, schema: PUBLIC, warehouse: STYLEON_WH, region: undefined, authenticator: SNOWFLAKE, ocsp mode: FAIL_OPEN, os: darwin, os version: 25.3.0"}
{"level":"INFO","message":"[6:42:12.839 PM]: Connection[id: 25b271ff-ce01-4739-8822-4e286e8e1557] additional details: passcode in password is provided, passcode is not provided, private key is not provided, application: undefined, client name: snowflake-sdk, client version: 1.15.0, retry timeout: 300, private key path: undefined, private key pass is not provided, client store temporary credential: false, browser response timeout: 120000"}
{"level":"INFO","message":"[6:42:12.839 PM]: Connection[id: 25b271ff-ce01-4739-8822-4e286e8e1557] - connection object created successfully."}
{"level":"INFO","message":"[6:42:12.840 PM]: Connection[id: 25b271ff-ce01-4739-8822-4e286e8e1557] - connecting. Associated Snowflake domain: GLOBAL"}
{"level":"INFO","message":"[6:42:12.840 PM]: Connection[id: 25b271ff-ce01-4739-8822-4e286e8e1557] - authentication successful using: SNOWFLAKE"}
{"level":"INFO","message":"[6:42:12.840 PM]: Trying to initialize Easy Logging"}
{"level":"INFO","message":"[6:42:12.841 PM]: No client config detected."}
{"level":"INFO","message":"[6:42:12.841 PM]: No config file path found. Client config will not be used."}
{"level":"INFO","message":"[6:42:12.841 PM]: Easy Logging is disabled as no config has been found"}
{"level":"INFO","message":"[6:42:12.843 PM]: Connection[id: 25b271ff-ce01-4739-8822-4e286e8e1557] - connected successfully after 3.035250000000019 milliseconds"}
{"level":"INFO","message":"[7:03:41.387 PM]: Creating new connection object"}
{"level":"INFO","message":"[7:03:41.392 PM]: Creating Connection[id: ceb8c8b9-34a8-4419-9a5f-b974499ef536] with host: nxrkclu-fm35668.snowflakecomputing.com, account: nxrkclu-fm35668, accessUrl: https://nxrkclu-fm35668.snowflakecomputing.com, user: ASTONE7500, password is provided, role: ACCOUNTADMIN, database: STYLEON, schema: PUBLIC, warehouse: STYLEON_WH, region: undefined, authenticator: SNOWFLAKE, ocsp mode: FAIL_OPEN, os: darwin, os version: 25.3.0"}
{"level":"INFO","message":"[7:03:41.393 PM]: Connection[id: ceb8c8b9-34a8-4419-9a5f-b974499ef536] additional details: passcode in password is provided, passcode is not provided, private key is not provided, application: undefined, client name: snowflake-sdk, client version: 1.15.0, retry timeout: 300, private key path: undefined, private key pass is not provided, client store temporary credential: false, browser response timeout: 120000"}
{"level":"INFO","message":"[7:03:41.393 PM]: Connection[id: ceb8c8b9-34a8-4419-9a5f-b974499ef536] - connection object created successfully."}
{"level":"INFO","message":"[7:03:41.393 PM]: Connection[id: ceb8c8b9-34a8-4419-9a5f-b974499ef536] - connecting. Associated Snowflake domain: GLOBAL"}
{"level":"INFO","message":"[7:03:41.393 PM]: Connection[id: ceb8c8b9-34a8-4419-9a5f-b974499ef536] - authentication successful using: SNOWFLAKE"}
{"level":"INFO","message":"[7:03:41.393 PM]: Trying to initialize Easy Logging"}
{"level":"INFO","message":"[7:03:41.394 PM]: No client config detected."}
{"level":"INFO","message":"[7:03:41.394 PM]: No config file path found. Client config will not be used."}
{"level":"INFO","message":"[7:03:41.394 PM]: Easy Logging is disabled as no config has been found"}
{"level":"INFO","message":"[7:03:41.396 PM]: Connection[id: ceb8c8b9-34a8-4419-9a5f-b974499ef536] - connected successfully after 2.918041999999957 milliseconds"}
{"level":"INFO","message":"[7:05:56.580 PM]: Creating new connection object"}
{"level":"INFO","message":"[7:05:56.585 PM]: Creating Connection[id: 0cd70741-4a5c-4d66-a91c-90647524d4f6] with host: nxrkclu-fm35668.snowflakecomputing.com, account: nxrkclu-fm35668, accessUrl: https://nxrkclu-fm35668.snowflakecomputing.com, user: ASTONE7500, password is provided, role: ACCOUNTADMIN, database: STYLEON, schema: PUBLIC, warehouse: STYLEON_WH, region: undefined, authenticator: SNOWFLAKE, ocsp mode: FAIL_OPEN, os: darwin, os version: 25.3.0"}
{"level":"INFO","message":"[7:05:56.585 PM]: Connection[id: 0cd70741-4a5c-4d66-a91c-90647524d4f6] additional details: passcode in password is provided, passcode is not provided, private key is not provided, application: undefined, client name: snowflake-sdk, client version: 1.15.0, retry timeout: 300, private key path: undefined, private key pass is not provided, client store temporary credential: false, browser response timeout: 120000"}
{"level":"INFO","message":"[7:05:56.585 PM]: Connection[id: 0cd70741-4a5c-4d66-a91c-90647524d4f6] - connection object created successfully."}
{"level":"INFO","message":"[7:05:56.586 PM]: Connection[id: 0cd70741-4a5c-4d66-a91c-90647524d4f6] - connecting. Associated Snowflake domain: GLOBAL"}
{"level":"INFO","message":"[7:05:56.586 PM]: Connection[id: 0cd70741-4a5c-4d66-a91c-90647524d4f6] - authentication successful using: SNOWFLAKE"}
{"level":"INFO","message":"[7:05:56.586 PM]: Trying to initialize Easy Logging"}
{"level":"INFO","message":"[7:05:56.587 PM]: No client config detected."}
{"level":"INFO","message":"[7:05:56.587 PM]: No config file path found. Client config will not be used."}
{"level":"INFO","message":"[7:05:56.587 PM]: Easy Logging is disabled as no config has been found"}
{"level":"INFO","message":"[7:05:56.588 PM]: Connection[id: 0cd70741-4a5c-4d66-a91c-90647524d4f6] - connected successfully after 2.5592910000000018 milliseconds"}
{"level":"INFO","message":"[7:15:17.816 PM]: Creating new connection object"}
{"level":"INFO","message":"[7:15:17.821 PM]: Creating Connection[id: 0738a1c6-d35c-47c1-bb2e-798003de0284] with host: nxrkclu-fm35668.snowflakecomputing.com, account: nxrkclu-fm35668, accessUrl: https://nxrkclu-fm35668.snowflakecomputing.com, user: ASTONE7500, password is provided, role: ACCOUNTADMIN, database: STYLEON, schema: PUBLIC, warehouse: STYLEON_WH, region: undefined, authenticator: SNOWFLAKE, ocsp mode: FAIL_OPEN, os: darwin, os version: 25.3.0"}
{"level":"INFO","message":"[7:15:17.821 PM]: Connection[id: 0738a1c6-d35c-47c1-bb2e-798003de0284] additional details: passcode in password is provided, passcode is not provided, private key is not provided, application: undefined, client name: snowflake-sdk, client version: 1.15.0, retry timeout: 300, private key path: undefined, private key pass is not provided, client store temporary credential: false, browser response timeout: 120000"}
{"level":"INFO","message":"[7:15:17.821 PM]: Connection[id: 0738a1c6-d35c-47c1-bb2e-798003de0284] - connection object created successfully."}
{"level":"INFO","message":"[7:15:17.822 PM]: Connection[id: 0738a1c6-d35c-47c1-bb2e-798003de0284] - connecting. Associated Snowflake domain: GLOBAL"}
{"level":"INFO","message":"[7:15:17.822 PM]: Connection[id: 0738a1c6-d35c-47c1-bb2e-798003de0284] - authentication successful using: SNOWFLAKE"}
{"level":"INFO","message":"[7:15:17.822 PM]: Trying to initialize Easy Logging"}
{"level":"INFO","message":"[7:15:17.823 PM]: No client config detected."}
{"level":"INFO","message":"[7:15:17.823 PM]: No config file path found. Client config will not be used."}
{"level":"INFO","message":"[7:15:17.823 PM]: Easy Logging is disabled as no config has been found"}
{"level":"INFO","message":"[7:15:17.824 PM]: Connection[id: 0738a1c6-d35c-47c1-bb2e-798003de0284] - connected successfully after 2.272041999999999 milliseconds"}
{"level":"INFO","message":"[7:58:19.908 PM]: Creating new connection object"}
{"level":"INFO","message":"[7:58:19.913 PM]: Creating Connection[id: 5b697816-c38f-498b-932b-088e18a03c4e] with host: nxrkclu-fm35668.snowflakecomputing.com, account: nxrkclu-fm35668, accessUrl: https://nxrkclu-fm35668.snowflakecomputing.com, user: ASTONE7500, password is provided, role: ACCOUNTADMIN, database: STYLEON, schema: PUBLIC, warehouse: STYLEON_WH, region: undefined, authenticator: SNOWFLAKE, ocsp mode: FAIL_OPEN, os: darwin, os version: 25.3.0"}
{"level":"INFO","message":"[7:58:19.913 PM]: Connection[id: 5b697816-c38f-498b-932b-088e18a03c4e] additional details: passcode in password is provided, passcode is not provided, private key is not provided, application: undefined, client name: snowflake-sdk, client version: 1.15.0, retry timeout: 300, private key path: undefined, private key pass is not provided, client store temporary credential: false, browser response timeout: 120000"}
{"level":"INFO","message":"[7:58:19.913 PM]: Connection[id: 5b697816-c38f-498b-932b-088e18a03c4e] - connection object created successfully."}
{"level":"INFO","message":"[7:58:19.913 PM]: Connection[id: 5b697816-c38f-498b-932b-088e18a03c4e] - connecting. Associated Snowflake domain: GLOBAL"}
{"level":"INFO","message":"[7:58:19.914 PM]: Connection[id: 5b697816-c38f-498b-932b-088e18a03c4e] - authentication successful using: SNOWFLAKE"}
{"level":"INFO","message":"[7:58:19.914 PM]: Trying to initialize Easy Logging"}
{"level":"INFO","message":"[7:58:19.915 PM]: No client config detected."}
{"level":"INFO","message":"[7:58:19.915 PM]: No config file path found. Client config will not be used."}
{"level":"INFO","message":"[7:58:19.915 PM]: Easy Logging is disabled as no config has been found"}
{"level":"INFO","message":"[7:58:19.916 PM]: Connection[id: 5b697816-c38f-498b-932b-088e18a03c4e] - connected successfully after 2.506167000000005 milliseconds"}
{"level":"INFO","message":"[8:09:01.318 PM]: Creating new connection object"}
{"level":"INFO","message":"[8:09:01.323 PM]: Creating Connection[id: e1e140e0-b368-41dc-ab3c-b04cf2a39019] with host: nxrkclu-fm35668.snowflakecomputing.com, account: nxrkclu-fm35668, accessUrl: https://nxrkclu-fm35668.snowflakecomputing.com, user: ASTONE7500, password is provided, role: ACCOUNTADMIN, database: STYLEON, schema: PUBLIC, warehouse: STYLEON_WH, region: undefined, authenticator: SNOWFLAKE, ocsp mode: FAIL_OPEN, os: darwin, os version: 25.3.0"}
{"level":"INFO","message":"[8:09:01.323 PM]: Connection[id: e1e140e0-b368-41dc-ab3c-b04cf2a39019] additional details: passcode in password is provided, passcode is not provided, private key is not provided, application: undefined, client name: snowflake-sdk, client version: 1.15.0, retry timeout: 300, private key path: undefined, private key pass is not provided, client store temporary credential: false, browser response timeout: 120000"}
{"level":"INFO","message":"[8:09:01.323 PM]: Connection[id: e1e140e0-b368-41dc-ab3c-b04cf2a39019] - connection object created successfully."}
{"level":"INFO","message":"[8:09:01.323 PM]: Connection[id: e1e140e0-b368-41dc-ab3c-b04cf2a39019] - connecting. Associated Snowflake domain: GLOBAL"}
{"level":"INFO","message":"[8:09:01.324 PM]: Connection[id: e1e140e0-b368-41dc-ab3c-b04cf2a39019] - authentication successful using: SNOWFLAKE"}
{"level":"INFO","message":"[8:09:01.324 PM]: Trying to initialize Easy Logging"}
{"level":"INFO","message":"[8:09:01.325 PM]: No client config detected."}
{"level":"INFO","message":"[8:09:01.325 PM]: No config file path found. Client config will not be used."}
{"level":"INFO","message":"[8:09:01.325 PM]: Easy Logging is disabled as no config has been found"}
{"level":"INFO","message":"[8:09:01.326 PM]: Connection[id: e1e140e0-b368-41dc-ab3c-b04cf2a39019] - connected successfully after 2.4237079999999764 milliseconds"}
{"level":"INFO","message":"[10:40:43.434 PM]: Creating new connection object"}
{"level":"INFO","message":"[10:40:43.439 PM]: Creating Connection[id: c5bb537a-a673-4f7c-8fe4-30f41ca0474e] with host: nxrkclu-fm35668.snowflakecomputing.com, account: nxrkclu-fm35668, accessUrl: https://nxrkclu-fm35668.snowflakecomputing.com, user: ASTONE7500, password is provided, role: ACCOUNTADMIN, database: STYLEON, schema: PUBLIC, warehouse: STYLEON_WH, region: undefined, authenticator: SNOWFLAKE, ocsp mode: FAIL_OPEN, os: darwin, os version: 25.3.0"}
{"level":"INFO","message":"[10:40:43.439 PM]: Connection[id: c5bb537a-a673-4f7c-8fe4-30f41ca0474e] additional details: passcode in password is provided, passcode is not provided, private key is not provided, application: undefined, client name: snowflake-sdk, client version: 1.15.0, retry timeout: 300, private key path: undefined, private key pass is not provided, client store temporary credential: false, browser response timeout: 120000"}
{"level":"INFO","message":"[10:40:43.439 PM]: Connection[id: c5bb537a-a673-4f7c-8fe4-30f41ca0474e] - connection object created successfully."}
{"level":"INFO","message":"[10:40:43.439 PM]: Connection[id: c5bb537a-a673-4f7c-8fe4-30f41ca0474e] - connecting. Associated Snowflake domain: GLOBAL"}
{"level":"INFO","message":"[10:40:43.439 PM]: Connection[id: c5bb537a-a673-4f7c-8fe4-30f41ca0474e] - authentication successful using: SNOWFLAKE"}
{"level":"INFO","message":"[10:40:43.439 PM]: Trying to initialize Easy Logging"}
{"level":"INFO","message":"[10:40:43.440 PM]: No client config detected."}
{"level":"INFO","message":"[10:40:43.440 PM]: No config file path found. Client config will not be used."}
{"level":"INFO","message":"[10:40:43.440 PM]: Easy Logging is disabled as no config has been found"}
{"level":"INFO","message":"[10:40:43.441 PM]: Connection[id: c5bb537a-a673-4f7c-8fe4-30f41ca0474e] - connected successfully after 2.2980830000000196 milliseconds"}
{"level":"INFO","message":"[1:40:28.147 AM]: Creating new connection object"}
{"level":"INFO","message":"[1:40:28.152 AM]: Creating Connection[id: 3af23e9f-d36d-4663-9bf4-2269060b065c] with host: nxrkclu-fm35668.snowflakecomputing.com, account: nxrkclu-fm35668, accessUrl: https://nxrkclu-fm35668.snowflakecomputing.com, user: ASTONE7500, password is provided, role: ACCOUNTADMIN, database: STYLEON, schema: PUBLIC, warehouse: STYLEON_WH, region: undefined, authenticator: SNOWFLAKE, ocsp mode: FAIL_OPEN, os: darwin, os version: 25.3.0"}
{"level":"INFO","message":"[1:40:28.153 AM]: Connection[id: 3af23e9f-d36d-4663-9bf4-2269060b065c] additional details: passcode in password is provided, passcode is not provided, private key is not provided, application: undefined, client name: snowflake-sdk, client version: 1.15.0, retry timeout: 300, private key path: undefined, private key pass is not provided, client store temporary credential: false, browser response timeout: 120000"}
{"level":"INFO","message":"[1:40:28.153 AM]: Connection[id: 3af23e9f-d36d-4663-9bf4-2269060b065c] - connection object created successfully."}
{"level":"INFO","message":"[1:40:28.153 AM]: Connection[id: 3af23e9f-d36d-4663-9bf4-2269060b065c] - connecting. Associated Snowflake domain: GLOBAL"}
{"level":"INFO","message":"[1:40:28.153 AM]: Connection[id: 3af23e9f-d36d-4663-9bf4-2269060b065c] - authentication successful using: SNOWFLAKE"}
{"level":"INFO","message":"[1:40:28.153 AM]: Trying to initialize Easy Logging"}
{"level":"INFO","message":"[1:40:28.154 AM]: No client config detected."}
{"level":"INFO","message":"[1:40:28.154 AM]: No config file path found. Client config will not be used."}
{"level":"INFO","message":"[1:40:28.154 AM]: Easy Logging is disabled as no config has been found"}
{"level":"INFO","message":"[1:40:28.155 AM]: Connection[id: 3af23e9f-d36d-4663-9bf4-2269060b065c] - connected successfully after 2.1138750000000073 milliseconds"}
{"level":"INFO","message":"[1:40:43.904 AM]: Creating new connection object"}
{"level":"INFO","message":"[1:40:43.909 AM]: Creating Connection[id: 5b01865e-fc27-4944-be63-be6ee25e7de7] with host: nxrkclu-fm35668.snowflakecomputing.com, account: nxrkclu-fm35668, accessUrl: https://nxrkclu-fm35668.snowflakecomputing.com, user: ASTONE7500, password is provided, role: ACCOUNTADMIN, database: STYLEON, schema: PUBLIC, warehouse: STYLEON_WH, region: undefined, authenticator: SNOWFLAKE, ocsp mode: FAIL_OPEN, os: darwin, os version: 25.3.0"}
{"level":"INFO","message":"[1:40:43.909 AM]: Connection[id: 5b01865e-fc27-4944-be63-be6ee25e7de7] additional details: passcode in password is provided, passcode is not provided, private key is not provided, application: undefined, client name: snowflake-sdk, client version: 1.15.0, retry timeout: 300, private key path: undefined, private key pass is not provided, client store temporary credential: false, browser response timeout: 120000"}
{"level":"INFO","message":"[1:40:43.909 AM]: Connection[id: 5b01865e-fc27-4944-be63-be6ee25e7de7] - connection object created successfully."}
{"level":"INFO","message":"[1:40:43.909 AM]: Connection[id: 5b01865e-fc27-4944-be63-be6ee25e7de7] - connecting. Associated Snowflake domain: GLOBAL"}
{"level":"INFO","message":"[1:40:43.910 AM]: Connection[id: 5b01865e-fc27-4944-be63-be6ee25e7de7] - authentication successful using: SNOWFLAKE"}
{"level":"INFO","message":"[1:40:43.910 AM]: Trying to initialize Easy Logging"}
{"level":"INFO","message":"[1:40:43.911 AM]: No client config detected."}
{"level":"INFO","message":"[1:40:43.911 AM]: No config file path found. Client config will not be used."}
{"level":"INFO","message":"[1:40:43.911 AM]: Easy Logging is disabled as no config has been found"}
{"level":"INFO","message":"[1:40:43.912 AM]: Connection[id: 5b01865e-fc27-4944-be63-be6ee25e7de7] - connected successfully after 2.5090000000000146 milliseconds"}
{"level":"INFO","message":"[1:42:03.860 AM]: Creating new connection object"}
{"level":"INFO","message":"[1:42:03.865 AM]: Creating Connection[id: ff067657-fd19-4098-b929-8d0a2a3d3cf2] with host: nxrkclu-fm35668.snowflakecomputing.com, account: nxrkclu-fm35668, accessUrl: https://nxrkclu-fm35668.snowflakecomputing.com, user: ASTONE7500, password is provided, role: ACCOUNTADMIN, database: STYLEON, schema: PUBLIC, warehouse: STYLEON_WH, region: undefined, authenticator: SNOWFLAKE, ocsp mode: FAIL_OPEN, os: darwin, os version: 25.3.0"}
{"level":"INFO","message":"[1:42:03.865 AM]: Connection[id: ff067657-fd19-4098-b929-8d0a2a3d3cf2] additional details: passcode in password is provided, passcode is not provided, private key is not provided, application: undefined, client name: snowflake-sdk, client version: 1.15.0, retry timeout: 300, private key path: undefined, private key pass is not provided, client store temporary credential: false, browser response timeout: 120000"}
{"level":"INFO","message":"[1:42:03.865 AM]: Connection[id: ff067657-fd19-4098-b929-8d0a2a3d3cf2] - connection object created successfully."}
{"level":"INFO","message":"[1:42:03.866 AM]: Connection[id: ff067657-fd19-4098-b929-8d0a2a3d3cf2] - connecting. Associated Snowflake domain: GLOBAL"}
{"level":"INFO","message":"[1:42:03.866 AM]: Connection[id: ff067657-fd19-4098-b929-8d0a2a3d3cf2] - authentication successful using: SNOWFLAKE"}
{"level":"INFO","message":"[1:42:03.866 AM]: Trying to initialize Easy Logging"}
{"level":"INFO","message":"[1:42:03.867 AM]: No client config detected."}
{"level":"INFO","message":"[1:42:03.867 AM]: No config file path found. Client config will not be used."}
{"level":"INFO","message":"[1:42:03.867 AM]: Easy Logging is disabled as no config has been found"}
{"level":"INFO","message":"[1:42:03.868 AM]: Connection[id: ff067657-fd19-4098-b929-8d0a2a3d3cf2] - connected successfully after 2.0633750000000077 milliseconds"}
{"level":"INFO","message":"[2:52:40.729 AM]: Creating new connection object"}
{"level":"INFO","message":"[2:52:40.734 AM]: Creating Connection[id: 872cea82-9db0-4ee6-a402-132933b17e9e] with host: nxrkclu-fm35668.snowflakecomputing.com, account: nxrkclu-fm35668, accessUrl: https://nxrkclu-fm35668.snowflakecomputing.com, user: ASTONE7500, password is provided, role: ACCOUNTADMIN, database: STYLEON, schema: PUBLIC, warehouse: STYLEON_WH, region: undefined, authenticator: SNOWFLAKE, ocsp mode: FAIL_OPEN, os: darwin, os version: 25.3.0"}
{"level":"INFO","message":"[2:52:40.734 AM]: Connection[id: 872cea82-9db0-4ee6-a402-132933b17e9e] additional details: passcode in password is provided, passcode is not provided, private key is not provided, application: undefined, client name: snowflake-sdk, client version: 1.15.0, retry timeout: 300, private key path: undefined, private key pass is not provided, client store temporary credential: false, browser response timeout: 120000"}
{"level":"INFO","message":"[2:52:40.734 AM]: Connection[id: 872cea82-9db0-4ee6-a402-132933b17e9e] - connection object created successfully."}
{"level":"INFO","message":"[2:52:40.734 AM]: Connection[id: 872cea82-9db0-4ee6-a402-132933b17e9e] - connecting. Associated Snowflake domain: GLOBAL"}
{"level":"INFO","message":"[2:52:40.734 AM]: Connection[id: 872cea82-9db0-4ee6-a402-132933b17e9e] - authentication successful using: SNOWFLAKE"}
{"level":"INFO","message":"[2:52:40.734 AM]: Trying to initialize Easy Logging"}
{"level":"INFO","message":"[2:52:40.735 AM]: No client config detected."}
{"level":"INFO","message":"[2:52:40.735 AM]: No config file path found. Client config will not be used."}
{"level":"INFO","message":"[2:52:40.735 AM]: Easy Logging is disabled as no config has been found"}
{"level":"INFO","message":"[2:52:40.737 AM]: Connection[id: 872cea82-9db0-4ee6-a402-132933b17e9e] - connected successfully after 2.5599170000000413 milliseconds"}
{"level":"INFO","message":"[3:19:09.485 AM]: Creating new connection object"}
{"level":"INFO","message":"[3:19:09.491 AM]: Creating Connection[id: 37bc8c6c-2a18-43fe-88c7-dde3a262420c] with host: nxrkclu-fm35668.snowflakecomputing.com, account: nxrkclu-fm35668, accessUrl: https://nxrkclu-fm35668.snowflakecomputing.com, user: ASTONE7500, password is provided, role: ACCOUNTADMIN, database: STYLEON, schema: PUBLIC, warehouse: STYLEON_WH, region: undefined, authenticator: SNOWFLAKE, ocsp mode: FAIL_OPEN, os: darwin, os version: 25.3.0"}
{"level":"INFO","message":"[3:19:09.491 AM]: Connection[id: 37bc8c6c-2a18-43fe-88c7-dde3a262420c] additional details: passcode in password is provided, passcode is not provided, private key is not provided, application: undefined, client name: snowflake-sdk, client version: 1.15.0, retry timeout: 300, private key path: undefined, private key pass is not provided, client store temporary credential: false, browser response timeout: 120000"}
{"level":"INFO","message":"[3:19:09.491 AM]: Connection[id: 37bc8c6c-2a18-43fe-88c7-dde3a262420c] - connection object created successfully."}
{"level":"INFO","message":"[3:19:09.491 AM]: Connection[id: 37bc8c6c-2a18-43fe-88c7-dde3a262420c] - connecting. Associated Snowflake domain: GLOBAL"}
{"level":"INFO","message":"[3:19:09.491 AM]: Connection[id: 37bc8c6c-2a18-43fe-88c7-dde3a262420c] - authentication successful using: SNOWFLAKE"}
{"level":"INFO","message":"[3:19:09.491 AM]: Trying to initialize Easy Logging"}
{"level":"INFO","message":"[3:19:09.492 AM]: No client config detected."}
{"level":"INFO","message":"[3:19:09.492 AM]: No config file path found. Client config will not be used."}
{"level":"INFO","message":"[3:19:09.492 AM]: Easy Logging is disabled as no config has been found"}
{"level":"INFO","message":"[3:19:09.494 AM]: Connection[id: 37bc8c6c-2a18-43fe-88c7-dde3a262420c] - connected successfully after 2.565208000000041 milliseconds"}
{"level":"INFO","message":"[3:38:28.741 AM]: Creating new connection object"}
{"level":"INFO","message":"[3:38:28.746 AM]: Creating Connection[id: 59fb54a4-42a0-4de0-b878-ee3274679b72] with host: nxrkclu-fm35668.snowflakecomputing.com, account: nxrkclu-fm35668, accessUrl: https://nxrkclu-fm35668.snowflakecomputing.com, user: ASTONE7500, password is provided, role: ACCOUNTADMIN, database: STYLEON, schema: PUBLIC, warehouse: STYLEON_WH, region: undefined, authenticator: SNOWFLAKE, ocsp mode: FAIL_OPEN, os: darwin, os version: 25.3.0"}
{"level":"INFO","message":"[3:38:28.746 AM]: Connection[id: 59fb54a4-42a0-4de0-b878-ee3274679b72] additional details: passcode in password is provided, passcode is not provided, private key is not provided, application: undefined, client name: snowflake-sdk, client version: 1.15.0, retry timeout: 300, private key path: undefined, private key pass is not provided, client store temporary credential: false, browser response timeout: 120000"}
{"level":"INFO","message":"[3:38:28.746 AM]: Connection[id: 59fb54a4-42a0-4de0-b878-ee3274679b72] - connection object created successfully."}
{"level":"INFO","message":"[3:38:28.746 AM]: Connection[id: 59fb54a4-42a0-4de0-b878-ee3274679b72] - connecting. Associated Snowflake domain: GLOBAL"}
{"level":"INFO","message":"[3:38:28.747 AM]: Connection[id: 59fb54a4-42a0-4de0-b878-ee3274679b72] - authentication successful using: SNOWFLAKE"}
{"level":"INFO","message":"[3:38:28.747 AM]: Trying to initialize Easy Logging"}
{"level":"INFO","message":"[3:38:28.748 AM]: No client config detected."}
{"level":"INFO","message":"[3:38:28.748 AM]: No config file path found. Client config will not be used."}
{"level":"INFO","message":"[3:38:28.748 AM]: Easy Logging is disabled as no config has been found"}
{"level":"INFO","message":"[3:38:28.749 AM]: Connection[id: 59fb54a4-42a0-4de0-b878-ee3274679b72] - connected successfully after 2.575958000000014 milliseconds"}
{"level":"INFO","message":"[4:00:20.316 AM]: Creating new connection object"}
{"level":"INFO","message":"[4:00:20.323 AM]: Creating Connection[id: 872c800c-ad68-4a68-bb30-0504e3291d15] with host: nxrkclu-fm35668.snowflakecomputing.com, account: nxrkclu-fm35668, accessUrl: https://nxrkclu-fm35668.snowflakecomputing.com, user: ASTONE7500, password is provided, role: ACCOUNTADMIN, database: STYLEON, schema: PUBLIC, warehouse: STYLEON_WH, region: undefined, authenticator: SNOWFLAKE, ocsp mode: FAIL_OPEN, os: darwin, os version: 25.3.0"}
{"level":"INFO","message":"[4:00:20.323 AM]: Connection[id: 872c800c-ad68-4a68-bb30-0504e3291d15] additional details: passcode in password is provided, passcode is not provided, private key is not provided, application: undefined, client name: snowflake-sdk, client version: 1.15.0, retry timeout: 300, private key path: undefined, private key pass is not provided, client store temporary credential: false, browser response timeout: 120000"}
{"level":"INFO","message":"[4:00:20.323 AM]: Connection[id: 872c800c-ad68-4a68-bb30-0504e3291d15] - connection object created successfully."}
{"level":"INFO","message":"[4:00:20.323 AM]: Connection[id: 872c800c-ad68-4a68-bb30-0504e3291d15] - connecting. Associated Snowflake domain: GLOBAL"}
{"level":"INFO","message":"[4:00:20.324 AM]: Connection[id: 872c800c-ad68-4a68-bb30-0504e3291d15] - authentication successful using: SNOWFLAKE"}
{"level":"INFO","message":"[4:00:20.324 AM]: Trying to initialize Easy Logging"}
{"level":"INFO","message":"[4:00:20.325 AM]: No client config detected."}
{"level":"INFO","message":"[4:00:20.325 AM]: No config file path found. Client config will not be used."}
{"level":"INFO","message":"[4:00:20.325 AM]: Easy Logging is disabled as no config has been found"}
{"level":"INFO","message":"[4:00:20.326 AM]: Connection[id: 872c800c-ad68-4a68-bb30-0504e3291d15] - connected successfully after 2.683915999999954 milliseconds"}
{"level":"INFO","message":"[4:00:20.629 AM]: Creating new connection object"}
{"level":"INFO","message":"[4:00:20.633 AM]: Creating Connection[id: bc13dad2-eb18-4922-b496-c5f294973ced] with host: nxrkclu-fm35668.snowflakecomputing.com, account: nxrkclu-fm35668, accessUrl: https://nxrkclu-fm35668.snowflakecomputing.com, user: ASTONE7500, password is provided, role: ACCOUNTADMIN, database: STYLEON, schema: PUBLIC, warehouse: STYLEON_WH, region: undefined, authenticator: SNOWFLAKE, ocsp mode: FAIL_OPEN, os: darwin, os version: 25.3.0"}
{"level":"INFO","message":"[4:00:20.633 AM]: Connection[id: bc13dad2-eb18-4922-b496-c5f294973ced] additional details: passcode in password is provided, passcode is not provided, private key is not provided, application: undefined, client name: snowflake-sdk, client version: 1.15.0, retry timeout: 300, private key path: undefined, private key pass is not provided, client store temporary credential: false, browser response timeout: 120000"}
{"level":"INFO","message":"[4:00:20.634 AM]: Connection[id: bc13dad2-eb18-4922-b496-c5f294973ced] - connection object created successfully."}
{"level":"INFO","message":"[4:00:20.634 AM]: Connection[id: bc13dad2-eb18-4922-b496-c5f294973ced] - connecting. Associated Snowflake domain: GLOBAL"}
{"level":"INFO","message":"[4:00:20.634 AM]: Connection[id: bc13dad2-eb18-4922-b496-c5f294973ced] - authentication successful using: SNOWFLAKE"}
{"level":"INFO","message":"[4:00:20.634 AM]: Trying to initialize Easy Logging"}
{"level":"INFO","message":"[4:00:20.635 AM]: No client config detected."}
{"level":"INFO","message":"[4:00:20.635 AM]: No config file path found. Client config will not be used."}
{"level":"INFO","message":"[4:00:20.635 AM]: Easy Logging is disabled as no config has been found"}
{"level":"INFO","message":"[4:00:20.636 AM]: Connection[id: bc13dad2-eb18-4922-b496-c5f294973ced] - connected successfully after 2.3859170000000063 milliseconds"}
{"level":"INFO","message":"[4:00:24.867 AM]: Creating new connection object"}
{"level":"INFO","message":"[4:00:24.871 AM]: Creating Connection[id: 3abb77d3-1f57-46e8-8e3b-6ae85765fd7e] with host: nxrkclu-fm35668.snowflakecomputing.com, account: nxrkclu-fm35668, accessUrl: https://nxrkclu-fm35668.snowflakecomputing.com, user: ASTONE7500, password is provided, role: ACCOUNTADMIN, database: STYLEON, schema: PUBLIC, warehouse: STYLEON_WH, region: undefined, authenticator: SNOWFLAKE, ocsp mode: FAIL_OPEN, os: darwin, os version: 25.3.0"}
{"level":"INFO","message":"[4:00:24.871 AM]: Connection[id: 3abb77d3-1f57-46e8-8e3b-6ae85765fd7e] additional details: passcode in password is provided, passcode is not provided, private key is not provided, application: undefined, client name: snowflake-sdk, client version: 1.15.0, retry timeout: 300, private key path: undefined, private key pass is not provided, client store temporary credential: false, browser response timeout: 120000"}
{"level":"INFO","message":"[4:00:24.871 AM]: Connection[id: 3abb77d3-1f57-46e8-8e3b-6ae85765fd7e] - connection object created successfully."}
{"level":"INFO","message":"[4:00:24.871 AM]: Connection[id: 3abb77d3-1f57-46e8-8e3b-6ae85765fd7e] - connecting. Associated Snowflake domain: GLOBAL"}
{"level":"INFO","message":"[4:00:24.872 AM]: Connection[id: 3abb77d3-1f57-46e8-8e3b-6ae85765fd7e] - authentication successful using: SNOWFLAKE"}
{"level":"INFO","message":"[4:00:24.872 AM]: Trying to initialize Easy Logging"}
{"level":"INFO","message":"[4:00:24.873 AM]: No client config detected."}
{"level":"INFO","message":"[4:00:24.873 AM]: No config file path found. Client config will not be used."}
{"level":"INFO","message":"[4:00:24.873 AM]: Easy Logging is disabled as no config has been found"}
{"level":"INFO","message":"[4:00:24.874 AM]: Connection[id: 3abb77d3-1f57-46e8-8e3b-6ae85765fd7e] - connected successfully after 2.3077920000000063 milliseconds"}
{"level":"INFO","message":"[4:34:59.148 AM]: Creating new connection object"}
{"level":"INFO","message":"[4:34:59.152 AM]: Creating Connection[id: cff94e9f-fbf7-411f-b6cb-1b957b832fab] with host: nxrkclu-fm35668.snowflakecomputing.com, account: nxrkclu-fm35668, accessUrl: https://nxrkclu-fm35668.snowflakecomputing.com, user: ASTONE7500, password is provided, role: ACCOUNTADMIN, database: STYLEON, schema: PUBLIC, warehouse: STYLEON_WH, region: undefined, authenticator: SNOWFLAKE, ocsp mode: FAIL_OPEN, os: darwin, os version: 25.3.0"}
{"level":"INFO","message":"[4:34:59.153 AM]: Connection[id: cff94e9f-fbf7-411f-b6cb-1b957b832fab] additional details: passcode in password is provided, passcode is not provided, private key is not provided, application: undefined, client name: snowflake-sdk, client version: 1.15.0, retry timeout: 300, private key path: undefined, private key pass is not provided, client store temporary credential: false, browser response timeout: 120000"}
{"level":"INFO","message":"[4:34:59.153 AM]: Connection[id: cff94e9f-fbf7-411f-b6cb-1b957b832fab] - connection object created successfully."}
{"level":"INFO","message":"[4:34:59.153 AM]: Connection[id: cff94e9f-fbf7-411f-b6cb-1b957b832fab] - connecting. Associated Snowflake domain: GLOBAL"}
{"level":"INFO","message":"[4:34:59.153 AM]: Connection[id: cff94e9f-fbf7-411f-b6cb-1b957b832fab] - authentication successful using: SNOWFLAKE"}
{"level":"INFO","message":"[4:34:59.153 AM]: Trying to initialize Easy Logging"}
{"level":"INFO","message":"[4:34:59.154 AM]: No client config detected."}
{"level":"INFO","message":"[4:34:59.154 AM]: No config file path found. Client config will not be used."}
{"level":"INFO","message":"[4:34:59.154 AM]: Easy Logging is disabled as no config has been found"}
{"level":"INFO","message":"[4:34:59.155 AM]: Connection[id: cff94e9f-fbf7-411f-b6cb-1b957b832fab] - connected successfully after 2.4765840000000026 milliseconds"}
{"level":"INFO","message":"[5:16:05.472 AM]: Creating new connection object"}
{"level":"INFO","message":"[5:16:05.478 AM]: Creating Connection[id: 4dd54101-9958-4bc2-b59c-d3d1ee50ad6d] with host: nxrkclu-fm35668.snowflakecomputing.com, account: nxrkclu-fm35668, accessUrl: https://nxrkclu-fm35668.snowflakecomputing.com, user: ASTONE7500, password is provided, role: ACCOUNTADMIN, database: STYLEON, schema: PUBLIC, warehouse: STYLEON_WH, region: undefined, authenticator: SNOWFLAKE, ocsp mode: FAIL_OPEN, os: darwin, os version: 25.3.0"}
{"level":"INFO","message":"[5:16:05.479 AM]: Connection[id: 4dd54101-9958-4bc2-b59c-d3d1ee50ad6d] additional details: passcode in password is provided, passcode is not provided, private key is not provided, application: undefined, client name: snowflake-sdk, client version: 1.15.0, retry timeout: 300, private key path: undefined, private key pass is not provided, client store temporary credential: false, browser response timeout: 120000"}
{"level":"INFO","message":"[5:16:05.479 AM]: Connection[id: 4dd54101-9958-4bc2-b59c-d3d1ee50ad6d] - connection object created successfully."}
{"level":"INFO","message":"[5:16:05.479 AM]: Connection[id: 4dd54101-9958-4bc2-b59c-d3d1ee50ad6d] - connecting. Associated Snowflake domain: GLOBAL"}
{"level":"INFO","message":"[5:16:05.479 AM]: Connection[id: 4dd54101-9958-4bc2-b59c-d3d1ee50ad6d] - authentication successful using: SNOWFLAKE"}
{"level":"INFO","message":"[5:16:05.480 AM]: Trying to initialize Easy Logging"}
{"level":"INFO","message":"[5:16:05.482 AM]: No client config detected."}
{"level":"INFO","message":"[5:16:05.482 AM]: No config file path found. Client config will not be used."}
{"level":"INFO","message":"[5:16:05.482 AM]: Easy Logging is disabled as no config has been found"}
{"level":"INFO","message":"[5:16:05.485 AM]: Connection[id: 4dd54101-9958-4bc2-b59c-d3d1ee50ad6d] - connected successfully after 6.007124999999974 milliseconds"}
{"level":"INFO","message":"[5:19:34.880 AM]: Creating new connection object"}
{"level":"INFO","message":"[5:19:34.887 AM]: Creating Connection[id: 86113b81-abb2-4c2b-925e-59acda29f912] with host: nxrkclu-fm35668.snowflakecomputing.com, account: nxrkclu-fm35668, accessUrl: https://nxrkclu-fm35668.snowflakecomputing.com, user: ASTONE7500, password is provided, role: ACCOUNTADMIN, database: STYLEON, schema: PUBLIC, warehouse: STYLEON_WH, region: undefined, authenticator: SNOWFLAKE, ocsp mode: FAIL_OPEN, os: darwin, os version: 24.6.0"}
{"level":"INFO","message":"[5:19:34.888 AM]: Connection[id: 86113b81-abb2-4c2b-925e-59acda29f912] additional details: passcode in password is provided, passcode is not provided, private key is not provided, application: undefined, client name: snowflake-sdk, client version: 1.15.0, retry timeout: 300, private key path: undefined, private key pass is not provided, client store temporary credential: false, browser response timeout: 120000"}
{"level":"INFO","message":"[5:19:34.888 AM]: Connection[id: 86113b81-abb2-4c2b-925e-59acda29f912] - connection object created successfully."}
{"level":"INFO","message":"[5:19:34.888 AM]: Connection[id: 86113b81-abb2-4c2b-925e-59acda29f912] - connecting. Associated Snowflake domain: GLOBAL"}
{"level":"INFO","message":"[5:19:34.888 AM]: Connection[id: 86113b81-abb2-4c2b-925e-59acda29f912] - authentication successful using: SNOWFLAKE"}
{"level":"INFO","message":"[5:19:34.889 AM]: Trying to initialize Easy Logging"}
{"level":"INFO","message":"[5:19:34.890 AM]: No client config detected."}
{"level":"INFO","message":"[5:19:34.890 AM]: No config file path found. Client config will not be used."}
{"level":"INFO","message":"[5:19:34.891 AM]: Easy Logging is disabled as no config has been found"}
{"level":"INFO","message":"[5:19:34.893 AM]: Connection[id: 86113b81-abb2-4c2b-925e-59acda29f912] - connected successfully after 4.695165999999972 milliseconds"}
{"level":"INFO","message":"[5:44:26.104 AM]: Creating new connection object"}
{"level":"INFO","message":"[5:44:26.110 AM]: Creating Connection[id: 4b481ab2-6211-480e-aa6c-145a400447b1] with host: nxrkclu-fm35668.snowflakecomputing.com, account: nxrkclu-fm35668, accessUrl: https://nxrkclu-fm35668.snowflakecomputing.com, user: ASTONE7500, password is provided, role: ACCOUNTADMIN, database: STYLEON, schema: PUBLIC, warehouse: STYLEON_WH, region: undefined, authenticator: SNOWFLAKE, ocsp mode: FAIL_OPEN, os: darwin, os version: 24.6.0"}
{"level":"INFO","message":"[5:44:26.110 AM]: Connection[id: 4b481ab2-6211-480e-aa6c-145a400447b1] additional details: passcode in password is provided, passcode is not provided, private key is not provided, application: undefined, client name: snowflake-sdk, client version: 1.15.0, retry timeout: 300, private key path: undefined, private key pass is not provided, client store temporary credential: false, browser response timeout: 120000"}
{"level":"INFO","message":"[5:44:26.111 AM]: Connection[id: 4b481ab2-6211-480e-aa6c-145a400447b1] - connection object created successfully."}
{"level":"INFO","message":"[5:44:26.111 AM]: Connection[id: 4b481ab2-6211-480e-aa6c-145a400447b1] - connecting. Associated Snowflake domain: GLOBAL"}
{"level":"INFO","message":"[5:44:26.111 AM]: Connection[id: 4b481ab2-6211-480e-aa6c-145a400447b1] - authentication successful using: SNOWFLAKE"}
{"level":"INFO","message":"[5:44:26.111 AM]: Trying to initialize Easy Logging"}
{"level":"INFO","message":"[5:44:26.114 AM]: No client config detected."}
{"level":"INFO","message":"[5:44:26.115 AM]: No config file path found. Client config will not be used."}
{"level":"INFO","message":"[5:44:26.115 AM]: Easy Logging is disabled as no config has been found"}
{"level":"INFO","message":"[5:44:26.117 AM]: Connection[id: 4b481ab2-6211-480e-aa6c-145a400447b1] - connected successfully after 5.755625000000009 milliseconds"}
{"level":"INFO","message":"[9:51:29.837 PM]: Creating new connection object"}
{"level":"INFO","message":"[9:51:29.845 PM]: Creating Connection[id: a8031f5e-6976-476e-b118-2b1f5ab61c95] with host: nxrkclu-fm35668.snowflakecomputing.com, account: nxrkclu-fm35668, accessUrl: https://nxrkclu-fm35668.snowflakecomputing.com, user: ASTONE7500, password is provided, role: ACCOUNTADMIN, database: STYLEON, schema: PUBLIC, warehouse: STYLEON_WH, region: undefined, authenticator: SNOWFLAKE, ocsp mode: FAIL_OPEN, os: darwin, os version: 24.6.0"}
{"level":"INFO","message":"[9:51:29.845 PM]: Connection[id: a8031f5e-6976-476e-b118-2b1f5ab61c95] additional details: passcode in password is provided, passcode is not provided, private key is not provided, application: undefined, client name: snowflake-sdk, client version: 1.15.0, retry timeout: 300, private key path: undefined, private key pass is not provided, client store temporary credential: false, browser response timeout: 120000"}
{"level":"INFO","message":"[9:51:29.846 PM]: Connection[id: a8031f5e-6976-476e-b118-2b1f5ab61c95] - connection object created successfully."}
{"level":"INFO","message":"[9:51:29.846 PM]: Connection[id: a8031f5e-6976-476e-b118-2b1f5ab61c95] - connecting. Associated Snowflake domain: GLOBAL"}
{"level":"INFO","message":"[9:51:29.846 PM]: Connection[id: a8031f5e-6976-476e-b118-2b1f5ab61c95] - authentication successful using: SNOWFLAKE"}
{"level":"INFO","message":"[9:51:29.846 PM]: Trying to initialize Easy Logging"}
{"level":"INFO","message":"[9:51:29.848 PM]: No client config detected."}
{"level":"INFO","message":"[9:51:29.848 PM]: No config file path found. Client config will not be used."}
{"level":"INFO","message":"[9:51:29.848 PM]: Easy Logging is disabled as no config has been found"}
{"level":"INFO","message":"[9:51:29.850 PM]: Connection[id: a8031f5e-6976-476e-b118-2b1f5ab61c95] - connected successfully after 4.005000000000052 milliseconds"}
{"level":"INFO","message":"[6:14:23.479 PM]: Creating new connection object"}
{"level":"INFO","message":"[6:14:23.486 PM]: Creating Connection[id: caf31ec3-19e1-4d24-8439-f80f968703da] with host: nxrkclu-fm35668.snowflakecomputing.com, account: nxrkclu-fm35668, accessUrl: https://nxrkclu-fm35668.snowflakecomputing.com, user: ASTONE7500, password is provided, role: ACCOUNTADMIN, database: STYLEON, schema: PUBLIC, warehouse: STYLEON_WH, region: undefined, authenticator: SNOWFLAKE, ocsp mode: FAIL_OPEN, os: darwin, os version: 24.6.0"}
{"level":"INFO","message":"[6:14:23.486 PM]: Connection[id: caf31ec3-19e1-4d24-8439-f80f968703da] additional details: passcode in password is provided, passcode is not provided, private key is not provided, application: undefined, client name: snowflake-sdk, client version: 1.15.0, retry timeout: 300, private key path: undefined, private key pass is not provided, client store temporary credential: false, browser response timeout: 120000"}
{"level":"INFO","message":"[6:14:23.486 PM]: Connection[id: caf31ec3-19e1-4d24-8439-f80f968703da] - connection object created successfully."}
{"level":"INFO","message":"[6:14:23.487 PM]: Connection[id: caf31ec3-19e1-4d24-8439-f80f968703da] - connecting. Associated Snowflake domain: GLOBAL"}
{"level":"INFO","message":"[6:14:23.487 PM]: Connection[id: caf31ec3-19e1-4d24-8439-f80f968703da] - authentication successful using: SNOWFLAKE"}
{"level":"INFO","message":"[6:14:23.487 PM]: Trying to initialize Easy Logging"}
{"level":"INFO","message":"[6:14:23.488 PM]: No client config detected."}
{"level":"INFO","message":"[6:14:23.489 PM]: No config file path found. Client config will not be used."}
{"level":"INFO","message":"[6:14:23.489 PM]: Easy Logging is disabled as no config has been found"}
{"level":"INFO","message":"[6:14:23.491 PM]: Connection[id: caf31ec3-19e1-4d24-8439-f80f968703da] - connected successfully after 4.4363329999999905 milliseconds"}
